// Jest Snapshot v1, https://goo.gl/fbAQLP

exports[`root should snapshot main function 1`] = `[Function]`;
